// Vitest Snapshot v1, https://vitest.dev/guide/snapshot.html

exports[`LyricService (English) > should create a prosomia 1`] = `
[
  {
    "content": "W",
  },
  {
    "isHyphen": false,
    "isMelisma": true,
    "isMelismaStart": true,
    "lyrics": "ith",
  },
  {
    "isHyphen": false,
    "isMelisma": true,
    "isMelismaStart": false,
    "lyrics": "",
  },
  {
    "isHyphen": false,
    "isMelisma": true,
    "isMelismaStart": false,
    "lyrics": "",
  },
  {
    "isHyphen": false,
    "isMelisma": false,
    "isMelismaStart": false,
    "lyrics": "what",
  },
  {
    "isHyphen": false,
    "isMelisma": false,
    "isMelismaStart": false,
    "lyrics": "fair",
  },
  {
    "isHyphen": false,
    "isMelisma": false,
    "isMelismaStart": false,
    "lyrics": "crowns",
  },
  {
    "isHyphen": false,
    "isMelisma": false,
    "isMelismaStart": false,
    "lyrics": "of",
  },
  {
    "isHyphen": false,
    "isMelisma": true,
    "isMelismaStart": true,
    "lyrics": "praise",
  },
  {
    "isHyphen": false,
    "isMelisma": true,
    "isMelismaStart": false,
    "lyrics": "",
  },
  {
    "isHyphen": false,
    "isMelisma": true,
    "isMelismaStart": false,
    "lyrics": "",
  },
  {
    "isHyphen": false,
    "isMelisma": true,
    "isMelismaStart": false,
    "lyrics": "",
  },
  {
    "isHyphen": false,
    "isMelisma": true,
    "isMelismaStart": true,
    "lyrics": "shall",
  },
  {
    "isHyphen": false,
    "isMelisma": true,
    "isMelismaStart": false,
    "lyrics": "",
  },
  {
    "isHyphen": false,
    "isMelisma": true,
    "isMelismaStart": false,
    "lyrics": "",
  },
  {
    "isHyphen": false,
    "isMelisma": true,
    "isMelismaStart": false,
    "lyrics": "",
  },
  {
    "isHyphen": false,
    "isMelisma": true,
    "isMelismaStart": true,
    "lyrics": "we",
  },
  {
    "isHyphen": false,
    "isMelisma": true,
    "isMelismaStart": false,
    "lyrics": "",
  },
  {
    "isHyphen": false,
    "isMelisma": true,
    "isMelismaStart": false,
    "lyrics": "",
  },
  {
    "isHyphen": false,
    "isMelisma": true,
    "isMelismaStart": false,
    "lyrics": "",
  },
  {
    "isHyphen": false,
    "isMelisma": false,
    "isMelismaStart": false,
    "lyrics": "crown",
  },
  {
    "isHyphen": false,
    "isMelisma": false,
    "isMelismaStart": false,
    "lyrics": "the",
  },
  {
    "isHyphen": true,
    "isMelisma": true,
    "isMelismaStart": true,
    "lyrics": "di",
  },
  {
    "isHyphen": false,
    "isMelisma": true,
    "isMelismaStart": true,
    "lyrics": "vine",
  },
  {
    "isHyphen": false,
    "isMelisma": true,
    "isMelismaStart": false,
    "lyrics": "",
  },
  {
    "isHyphen": false,
    "isMelisma": true,
    "isMelismaStart": true,
    "lyrics": "and",
  },
  {
    "isHyphen": false,
    "isMelisma": true,
    "isMelismaStart": false,
    "lyrics": "",
  },
  {
    "isHyphen": false,
    "isMelisma": true,
    "isMelismaStart": false,
    "lyrics": "",
  },
  {
    "isHyphen": true,
    "isMelisma": true,
    "isMelismaStart": true,
    "lyrics": "all",
  },
  {
    "isHyphen": true,
    "isMelisma": true,
    "isMelismaStart": false,
    "lyrics": "",
  },
  {
    "isHyphen": true,
    "isMelisma": true,
    "isMelismaStart": true,
    "lyrics": "laud",
  },
  {
    "isHyphen": true,
    "isMelisma": true,
    "isMelismaStart": false,
    "lyrics": "",
  },
  {
    "isHyphen": true,
    "isMelisma": true,
    "isMelismaStart": true,
    "lyrics": "a",
  },
  {
    "isHyphen": true,
    "isMelisma": true,
    "isMelismaStart": false,
    "lyrics": "",
  },
  {
    "isHyphen": true,
    "isMelisma": true,
    "isMelismaStart": false,
    "lyrics": "",
  },
  {
    "isHyphen": false,
    "isMelisma": false,
    "isMelismaStart": false,
    "lyrics": "ble",
  },
  {
    "isHyphen": true,
    "isMelisma": true,
    "isMelismaStart": true,
    "lyrics": "hier",
  },
  {
    "isHyphen": true,
    "isMelisma": true,
    "isMelismaStart": false,
    "lyrics": "",
  },
  {
    "isHyphen": false,
    "isMelisma": false,
    "isMelismaStart": false,
    "lyrics": "arch?",
  },
  {
    "isHyphen": false,
    "isMelisma": false,
    "isMelismaStart": false,
    "lyrics": "That",
  },
  {
    "isHyphen": false,
    "isMelisma": false,
    "isMelismaStart": false,
    "lyrics": "clear",
  },
  {
    "isHyphen": true,
    "isMelisma": true,
    "isMelismaStart": true,
    "lyrics": "trum",
  },
  {
    "isHyphen": false,
    "isMelisma": false,
    "isMelismaStart": false,
    "lyrics": "pet",
  },
  {
    "isHyphen": true,
    "isMelisma": true,
    "isMelismaStart": true,
    "lyrics": "sound",
  },
  {
    "isHyphen": true,
    "isMelisma": true,
    "isMelismaStart": false,
    "lyrics": "",
  },
  {
    "isHyphen": true,
    "isMelisma": true,
    "isMelismaStart": false,
    "lyrics": "",
  },
  {
    "isHyphen": true,
    "isMelisma": true,
    "isMelismaStart": false,
    "lyrics": "",
  },
  {
    "isHyphen": false,
    "isMelisma": false,
    "isMelismaStart": false,
    "lyrics": "ing",
  },
  {
    "isHyphen": true,
    "isMelisma": true,
    "isMelismaStart": true,
    "lyrics": "the",
  },
  {
    "isHyphen": true,
    "isMelisma": true,
    "isMelismaStart": false,
    "lyrics": "",
  },
  {
    "isHyphen": true,
    "isMelisma": true,
    "isMelismaStart": true,
    "lyrics": "ol",
  },
  {
    "isHyphen": true,
    "isMelisma": true,
    "isMelismaStart": false,
    "lyrics": "",
  },
  {
    "isHyphen": true,
    "isMelisma": true,
    "isMelismaStart": false,
    "lyrics": "",
  },
  {
    "isHyphen": true,
    "isMelisma": true,
    "isMelismaStart": true,
    "lyrics": "o",
  },
  {
    "isHyphen": true,
    "isMelisma": true,
    "isMelismaStart": false,
    "lyrics": "",
  },
  {
    "isHyphen": true,
    "isMelisma": true,
    "isMelismaStart": false,
    "lyrics": "",
  },
  {
    "isHyphen": true,
    "isMelisma": true,
    "isMelismaStart": false,
    "lyrics": "",
  },
  {
    "isHyphen": false,
    "isMelisma": false,
    "isMelismaStart": false,
    "lyrics": "gy,",
  },
  {
    "isHyphen": false,
    "isMelisma": false,
    "isMelismaStart": false,
    "lyrics": "the",
  },
  {
    "isHyphen": false,
    "isMelisma": false,
    "isMelismaStart": false,
    "lyrics": "mouth",
  },
  {
    "isHyphen": false,
    "isMelisma": false,
    "isMelismaStart": false,
    "lyrics": "of",
  },
  {
    "isHyphen": false,
    "isMelisma": true,
    "isMelismaStart": true,
    "lyrics": "grace",
  },
  {
    "isHyphen": false,
    "isMelisma": true,
    "isMelismaStart": false,
    "lyrics": "",
  },
  {
    "isHyphen": false,
    "isMelisma": true,
    "isMelismaStart": true,
    "lyrics": "that",
  },
  {
    "isHyphen": false,
    "isMelisma": true,
    "isMelismaStart": false,
    "lyrics": "",
  },
  {
    "isHyphen": false,
    "isMelisma": true,
    "isMelismaStart": false,
    "lyrics": "",
  },
  {
    "isHyphen": false,
    "isMelisma": false,
    "isMelismaStart": false,
    "lyrics": "doth",
  },
  {
    "isHyphen": false,
    "isMelisma": true,
    "isMelismaStart": true,
    "lyrics": "breathe",
  },
  {
    "isHyphen": false,
    "isMelisma": true,
    "isMelismaStart": false,
    "lyrics": "",
  },
  {
    "isHyphen": false,
    "isMelisma": true,
    "isMelismaStart": true,
    "lyrics": "forth",
  },
  {
    "isHyphen": false,
    "isMelisma": true,
    "isMelismaStart": false,
    "lyrics": "",
  },
  {
    "isHyphen": false,
    "isMelisma": true,
    "isMelismaStart": false,
    "lyrics": "",
  },
  {
    "isHyphen": false,
    "isMelisma": true,
    "isMelismaStart": false,
    "lyrics": "",
  },
  {
    "isHyphen": false,
    "isMelisma": false,
    "isMelismaStart": false,
    "lyrics": "fire,",
  },
  {
    "isHyphen": false,
    "isMelisma": false,
    "isMelismaStart": false,
    "lyrics": "the",
  },
  {
    "isHyphen": true,
    "isMelisma": true,
    "isMelismaStart": true,
    "lyrics": "ven'",
  },
  {
    "isHyphen": true,
    "isMelisma": true,
    "isMelismaStart": true,
    "lyrics": "ra",
  },
  {
    "isHyphen": false,
    "isMelisma": false,
    "isMelismaStart": false,
    "lyrics": "ble",
  },
  {
    "isHyphen": true,
    "isMelisma": true,
    "isMelismaStart": true,
    "lyrics": "ves",
  },
  {
    "isHyphen": false,
    "isMelisma": false,
    "isMelismaStart": false,
    "lyrics": "sel",
  },
  {
    "isHyphen": false,
    "isMelisma": true,
    "isMelismaStart": true,
    "lyrics": "of",
  },
  {
    "isHyphen": false,
    "isMelisma": true,
    "isMelismaStart": false,
    "lyrics": "",
  },
  {
    "isHyphen": false,
    "isMelisma": true,
    "isMelismaStart": false,
    "lyrics": "",
  },
  {
    "isHyphen": false,
    "isMelisma": false,
    "isMelismaStart": false,
    "lyrics": "the",
  },
  {
    "isHyphen": true,
    "isMelisma": true,
    "isMelismaStart": true,
    "lyrics": "Spir",
  },
  {
    "isHyphen": true,
    "isMelisma": true,
    "isMelismaStart": false,
    "lyrics": "",
  },
  {
    "isHyphen": false,
    "isMelisma": false,
    "isMelismaStart": false,
    "lyrics": "it,",
  },
  {
    "isHyphen": false,
    "isMelisma": false,
    "isMelismaStart": false,
    "lyrics": "the",
  },
  {
    "isHyphen": true,
    "isMelisma": true,
    "isMelismaStart": true,
    "lyrics": "might",
  },
  {
    "isHyphen": true,
    "isMelisma": true,
    "isMelismaStart": false,
    "lyrics": "",
  },
  {
    "isHyphen": false,
    "isMelisma": false,
    "isMelismaStart": false,
    "lyrics": "y",
  },
  {
    "isHyphen": true,
    "isMelisma": true,
    "isMelismaStart": true,
    "lyrics": "un",
  },
  {
    "isHyphen": true,
    "isMelisma": true,
    "isMelismaStart": true,
    "lyrics": "shak",
  },
  {
    "isHyphen": false,
    "isMelisma": false,
    "isMelismaStart": false,
    "lyrics": "en",
  },
  {
    "isHyphen": true,
    "isMelisma": true,
    "isMelismaStart": true,
    "lyrics": "pil",
  },
  {
    "isHyphen": false,
    "isMelisma": true,
    "isMelismaStart": true,
    "lyrics": "lar",
  },
  {
    "isHyphen": false,
    "isMelisma": true,
    "isMelismaStart": false,
    "lyrics": "",
  },
  {
    "isHyphen": false,
    "isMelisma": true,
    "isMelismaStart": false,
    "lyrics": "",
  },
  {
    "isHyphen": false,
    "isMelisma": false,
    "isMelismaStart": false,
    "lyrics": "of",
  },
  {
    "isHyphen": false,
    "isMelisma": true,
    "isMelismaStart": true,
    "lyrics": "the",
  },
  {
    "isHyphen": false,
    "isMelisma": true,
    "isMelismaStart": false,
    "lyrics": "",
  },
  {
    "isHyphen": false,
    "isMelisma": true,
    "isMelismaStart": true,
    "lyrics": "Church",
  },
  {
    "isHyphen": false,
    "isMelisma": true,
    "isMelismaStart": false,
    "lyrics": "",
  },
  {
    "isHyphen": false,
    "isMelisma": true,
    "isMelismaStart": false,
    "lyrics": "",
  },
  {
    "isHyphen": false,
    "isMelisma": true,
    "isMelismaStart": true,
    "lyrics": "of",
  },
  {
    "isHyphen": false,
    "isMelisma": true,
    "isMelismaStart": false,
    "lyrics": "",
  },
  {
    "isHyphen": false,
    "isMelisma": true,
    "isMelismaStart": false,
    "lyrics": "",
  },
  {
    "isHyphen": false,
    "isMelisma": true,
    "isMelismaStart": false,
    "lyrics": "",
  },
  {
    "isHyphen": false,
    "isMelisma": false,
    "isMelismaStart": false,
    "lyrics": "Christ,",
  },
  {
    "isHyphen": false,
    "isMelisma": true,
    "isMelismaStart": true,
    "lyrics": "the",
  },
  {
    "isHyphen": false,
    "isMelisma": true,
    "isMelismaStart": false,
    "lyrics": "",
  },
  {
    "isHyphen": false,
    "isMelisma": true,
    "isMelismaStart": true,
    "lyrics": "great",
  },
  {
    "isHyphen": false,
    "isMelisma": true,
    "isMelismaStart": false,
    "lyrics": "",
  },
  {
    "isHyphen": false,
    "isMelisma": false,
    "isMelismaStart": false,
    "lyrics": "and",
  },
  {
    "isHyphen": true,
    "isMelisma": true,
    "isMelismaStart": true,
    "lyrics": "ex",
  },
  {
    "isHyphen": true,
    "isMelisma": true,
    "isMelismaStart": true,
    "lyrics": "ceed",
  },
  {
    "isHyphen": false,
    "isMelisma": false,
    "isMelismaStart": false,
    "lyrics": "ing",
  },
  {
    "isHyphen": true,
    "isMelisma": true,
    "isMelismaStart": true,
    "lyrics": "glad",
  },
  {
    "isHyphen": false,
    "isMelisma": true,
    "isMelismaStart": true,
    "lyrics": "ness",
  },
  {
    "isHyphen": false,
    "isMelisma": true,
    "isMelismaStart": false,
    "lyrics": "",
  },
  {
    "isHyphen": false,
    "isMelisma": true,
    "isMelismaStart": false,
    "lyrics": "",
  },
  {
    "isHyphen": false,
    "isMelisma": false,
    "isMelismaStart": false,
    "lyrics": "of",
  },
  {
    "isHyphen": false,
    "isMelisma": false,
    "isMelismaStart": false,
    "lyrics": "the",
  },
  {
    "isHyphen": false,
    "isMelisma": true,
    "isMelismaStart": true,
    "lyrics": "world",
  },
  {
    "isHyphen": false,
    "isMelisma": true,
    "isMelismaStart": false,
    "lyrics": "",
  },
  {
    "isHyphen": false,
    "isMelisma": true,
    "isMelismaStart": false,
    "lyrics": "",
  },
  {
    "isHyphen": true,
    "isMelisma": true,
    "isMelismaStart": true,
    "lyrics": "en",
  },
  {
    "isHyphen": true,
    "isMelisma": true,
    "isMelismaStart": false,
    "lyrics": "",
  },
  {
    "isHyphen": true,
    "isMelisma": true,
    "isMelismaStart": false,
    "lyrics": "",
  },
  {
    "isHyphen": true,
    "isMelisma": true,
    "isMelismaStart": false,
    "lyrics": "",
  },
  {
    "isHyphen": false,
    "isMelisma": false,
    "isMelismaStart": false,
    "lyrics": "tire,",
  },
  {
    "isHyphen": false,
    "isMelisma": true,
    "isMelismaStart": true,
    "lyrics": "the",
  },
  {
    "isHyphen": false,
    "isMelisma": true,
    "isMelismaStart": false,
    "lyrics": "",
  },
  {
    "isHyphen": true,
    "isMelisma": true,
    "isMelismaStart": true,
    "lyrics": "might",
  },
  {
    "isHyphen": false,
    "isMelisma": true,
    "isMelismaStart": true,
    "lyrics": "y",
  },
  {
    "isHyphen": false,
    "isMelisma": true,
    "isMelismaStart": false,
    "lyrics": "",
  },
  {
    "isHyphen": true,
    "isMelisma": true,
    "isMelismaStart": true,
    "lyrics": "riv",
  },
  {
    "isHyphen": false,
    "isMelisma": true,
    "isMelismaStart": true,
    "lyrics": "er",
  },
  {
    "isHyphen": false,
    "isMelisma": true,
    "isMelismaStart": false,
    "lyrics": "",
  },
  {
    "isHyphen": false,
    "isMelisma": true,
    "isMelismaStart": false,
    "lyrics": "",
  },
  {
    "isHyphen": false,
    "isMelisma": false,
    "isMelismaStart": false,
    "lyrics": "of",
  },
  {
    "isHyphen": true,
    "isMelisma": true,
    "isMelismaStart": true,
    "lyrics": "wis",
  },
  {
    "isHyphen": true,
    "isMelisma": true,
    "isMelismaStart": false,
    "lyrics": "",
  },
  {
    "isHyphen": false,
    "isMelisma": false,
    "isMelismaStart": false,
    "lyrics": "dom",
  },
  {
    "isHyphen": false,
    "isMelisma": false,
    "isMelismaStart": false,
    "lyrics": "of",
  },
  {
    "isHyphen": false,
    "isMelisma": false,
    "isMelismaStart": false,
    "lyrics": "God's",
  },
  {
    "isHyphen": true,
    "isMelisma": true,
    "isMelismaStart": true,
    "lyrics": "in",
  },
  {
    "isHyphen": true,
    "isMelisma": true,
    "isMelismaStart": false,
    "lyrics": "",
  },
  {
    "isHyphen": true,
    "isMelisma": true,
    "isMelismaStart": true,
    "lyrics": "spi",
  },
  {
    "isHyphen": true,
    "isMelisma": true,
    "isMelismaStart": false,
    "lyrics": "",
  },
  {
    "isHyphen": true,
    "isMelisma": true,
    "isMelismaStart": true,
    "lyrics": "ra",
  },
  {
    "isHyphen": true,
    "isMelisma": true,
    "isMelismaStart": false,
    "lyrics": "",
  },
  {
    "isHyphen": true,
    "isMelisma": true,
    "isMelismaStart": false,
    "lyrics": "",
  },
  {
    "isHyphen": false,
    "isMelisma": false,
    "isMelismaStart": false,
    "lyrics": "tion,",
  },
  {
    "isHyphen": false,
    "isMelisma": false,
    "isMelismaStart": false,
    "lyrics": "and",
  },
  {
    "isHyphen": false,
    "isMelisma": false,
    "isMelismaStart": false,
    "lyrics": "the",
  },
  {
    "isHyphen": false,
    "isMelisma": true,
    "isMelismaStart": true,
    "lyrics": "lamp",
  },
  {
    "isHyphen": false,
    "isMelisma": true,
    "isMelismaStart": false,
    "lyrics": "",
  },
  {
    "isHyphen": false,
    "isMelisma": true,
    "isMelismaStart": false,
    "lyrics": "",
  },
  {
    "isHyphen": false,
    "isMelisma": true,
    "isMelismaStart": false,
    "lyrics": "",
  },
  {
    "isHyphen": false,
    "isMelisma": false,
    "isMelismaStart": false,
    "lyrics": "of",
  },
  {
    "isHyphen": false,
    "isMelisma": true,
    "isMelismaStart": true,
    "lyrics": "the",
  },
  {
    "isHyphen": false,
    "isMelisma": true,
    "isMelismaStart": false,
    "lyrics": "",
  },
  {
    "isHyphen": true,
    "isMelisma": true,
    "isMelismaStart": true,
    "lyrics": "di",
  },
  {
    "isHyphen": true,
    "isMelisma": true,
    "isMelismaStart": false,
    "lyrics": "",
  },
  {
    "isHyphen": true,
    "isMelisma": true,
    "isMelismaStart": false,
    "lyrics": "",
  },
  {
    "isHyphen": false,
    "isMelisma": true,
    "isMelismaStart": true,
    "lyrics": "vine",
  },
  {
    "isHyphen": false,
    "isMelisma": true,
    "isMelismaStart": false,
    "lyrics": "",
  },
  {
    "isHyphen": false,
    "isMelisma": true,
    "isMelismaStart": false,
    "lyrics": "",
  },
  {
    "isHyphen": false,
    "isMelisma": true,
    "isMelismaStart": false,
    "lyrics": "",
  },
  {
    "isHyphen": false,
    "isMelisma": false,
    "isMelismaStart": false,
    "lyrics": "light,",
  },
  {
    "isHyphen": false,
    "isMelisma": false,
    "isMelismaStart": false,
    "lyrics": "the",
  },
  {
    "isHyphen": false,
    "isMelisma": false,
    "isMelismaStart": false,
    "lyrics": "bright",
  },
  {
    "isHyphen": false,
    "isMelisma": false,
    "isMelismaStart": false,
    "lyrics": "and",
  },
  {
    "isHyphen": true,
    "isMelisma": true,
    "isMelismaStart": true,
    "lyrics": "far",
  },
  {
    "isHyphen": true,
    "isMelisma": true,
    "isMelismaStart": false,
    "lyrics": "",
  },
  {
    "isHyphen": true,
    "isMelisma": true,
    "isMelismaStart": true,
    "lyrics": "shin",
  },
  {
    "isHyphen": false,
    "isMelisma": true,
    "isMelismaStart": true,
    "lyrics": "ing",
  },
  {
    "isHyphen": false,
    "isMelisma": true,
    "isMelismaStart": false,
    "lyrics": "",
  },
  {
    "isHyphen": false,
    "isMelisma": false,
    "isMelismaStart": false,
    "lyrics": "star",
  },
  {
    "isHyphen": false,
    "isMelisma": false,
    "isMelismaStart": false,
    "lyrics": "that",
  },
  {
    "isHyphen": true,
    "isMelisma": true,
    "isMelismaStart": true,
    "lyrics": "mak",
  },
  {
    "isHyphen": false,
    "isMelisma": false,
    "isMelismaStart": false,
    "lyrics": "eth",
  },
  {
    "isHyphen": true,
    "isMelisma": true,
    "isMelismaStart": true,
    "lyrics": "cre",
  },
  {
    "isHyphen": true,
    "isMelisma": true,
    "isMelismaStart": true,
    "lyrics": "a",
  },
  {
    "isHyphen": false,
    "isMelisma": true,
    "isMelismaStart": true,
    "lyrics": "tion",
  },
  {
    "isHyphen": false,
    "isMelisma": true,
    "isMelismaStart": false,
    "lyrics": "",
  },
  {
    "isHyphen": true,
    "isMelisma": true,
    "isMelismaStart": true,
    "lyrics": "ra",
  },
  {
    "isHyphen": true,
    "isMelisma": true,
    "isMelismaStart": false,
    "lyrics": "",
  },
  {
    "isHyphen": true,
    "isMelisma": true,
    "isMelismaStart": false,
    "lyrics": "",
  },
  {
    "isHyphen": true,
    "isMelisma": true,
    "isMelismaStart": true,
    "lyrics": "di",
  },
  {
    "isHyphen": true,
    "isMelisma": true,
    "isMelismaStart": false,
    "lyrics": "",
  },
  {
    "isHyphen": true,
    "isMelisma": true,
    "isMelismaStart": false,
    "lyrics": "",
  },
  {
    "isHyphen": true,
    "isMelisma": true,
    "isMelismaStart": false,
    "lyrics": "",
  },
  {
    "isHyphen": false,
    "isMelisma": false,
    "isMelismaStart": false,
    "lyrics": "ant.",
  },
]
`;
